// Jest Snapshot v1, https://goo.gl/fbAQLP

exports[`Connection â€º Custom Get custom snapshot when it is not ready 1`] = `
Object {
  "entities": Array [],
  "hasFailed": false,
  "isEmpty": true,
  "isFetching": false,
  "isReady": false,
  "name": "test",
  "page": [Function],
  "pages": Array [],
  "params": Object {},
  "total": Object {
    "entities": null,
    "fetched": Object {
      "entities": null,
      "pages": null,
    },
    "pages": null,
  },
  "url": "/",
}
`;
