// Jest Snapshot v1, https://goo.gl/fbAQLP

exports[`Connection â€º Entity Get entity shape when entity is not ready 1`] = `
Object {
  "alt": "",
  "author": Object {
    "avatar": "",
    "description": "",
    "id": null,
    "isFetching": false,
    "isReady": false,
    "link": "/",
    "mstId": "",
    "name": "",
    "pagedLink": [Function],
    "raw": Object {},
    "slug": "",
    "type": "author",
  },
  "avatar": "",
  "caption": "",
  "content": "",
  "creationDate": null,
  "description": "",
  "excerpt": "",
  "hasFeaturedMedia": false,
  "headMeta": Object {
    "pagedTitle": [Function],
    "title": "",
  },
  "id": "someId",
  "isFetching": false,
  "isReady": false,
  "link": "/",
  "media": Object {
    "content": Array [],
    "featured": Object {
      "alt": "",
      "author": Object {
        "avatar": "",
        "description": "",
        "id": null,
        "isFetching": false,
        "isReady": false,
        "link": "/",
        "mstId": "",
        "name": "",
        "pagedLink": [Function],
        "raw": Object {},
        "slug": "",
        "type": "author",
      },
      "caption": "",
      "creationDate": null,
      "description": "",
      "headMeta": Object {
        "pagedTitle": [Function],
        "title": "",
      },
      "id": null,
      "isFetching": false,
      "isReady": false,
      "link": "/",
      "mediaType": "",
      "mimeType": "",
      "mstId": "",
      "original": Object {
        "filename": "",
        "height": null,
        "url": null,
        "width": null,
      },
      "pagedLink": [Function],
      "raw": Object {},
      "sizes": Array [],
      "slug": "",
      "title": "",
      "type": "media",
    },
  },
  "mediaType": "",
  "meta": Object {},
  "mimeType": "",
  "modificationDate": null,
  "mstId": "someType_someId",
  "name": "",
  "original": Object {
    "filename": "",
    "height": null,
    "url": null,
    "width": null,
  },
  "pagedLink": [Function],
  "parent": null,
  "raw": Object {},
  "sizes": Array [],
  "slug": "",
  "target": "",
  "taxonomy": [Function],
  "title": "",
  "type": "someType",
}
`;
