// Jest Snapshot v1, https://goo.gl/fbAQLP

exports[`Connection › List Get list snapshot when entity is not ready 1`] = `
Object {
  "entities": Array [],
  "entity": Object {
    "avatar": "",
    "description": "",
    "headMeta": Object {
      "pagedTitle": [Function],
      "title": "",
    },
    "id": 7,
    "isFetching": false,
    "isReady": false,
    "link": "/?cat=7",
    "mstId": "category_7",
    "name": "",
    "pagedLink": [Function],
    "raw": Object {},
    "slug": "",
    "target": "",
    "type": "category",
  },
  "hasFailed": false,
  "id": 7,
  "isEmpty": true,
  "isFetching": false,
  "isReady": false,
  "page": [Function],
  "pages": Array [],
  "total": Object {
    "entities": null,
    "fetched": Object {
      "entities": 0,
      "pages": 0,
    },
    "pages": null,
  },
  "type": "category",
}
`;

exports[`Connection › List Rehydrates pageMap from a snapshot 1`] = `
Object {
  "hasFailed": false,
  "isFetching": false,
  "isReady": true,
  "page": "1",
  "results": Array [
    "post_57",
    "post_54",
    "post_42",
    "post_36",
    "post_33",
  ],
}
`;
